2026-09-27 13:57:38,355 INFO Serveur local démarré en mode réel sur le port 51380
2026-09-27 13:57:38,587 INFO HTTP 200
2026-09-27 13:57:38,616 INFO HTTP 200
2026-09-27 13:57:38,624 INFO HTTP 200
2026-09-27 13:57:38,685 INFO HTTP 200
2026-09-27 13:57:38,733 INFO HTTP 200
2026-09-27 13:57:39,016 INFO HTTP 200
2026-09-27 13:57:39,269 INFO Serveur local arrêté
2026-09-27 13:57:54,570 INFO Serveur local démarré en mode réel sur le port 51395
2026-09-27 13:57:55,012 INFO HTTP 200
2026-09-27 13:58:24,163 INFO HTTP 200
2026-09-27 13:58:24,174 INFO HTTP 200
2026-09-27 13:58:24,177 INFO HTTP 200
2026-09-27 13:58:24,177 INFO HTTP 200
2026-09-27 13:58:24,177 INFO HTTP 200
2026-09-27 13:58:24,177 INFO HTTP 200
2026-09-27 13:58:24,182 INFO HTTP 200
2026-09-27 13:58:24,184 INFO HTTP 200
2026-09-27 13:58:24,187 INFO HTTP 200
2026-09-27 13:58:24,187 INFO HTTP 200
2026-09-27 13:58:24,188 INFO HTTP 200
2026-09-27 13:58:24,191 INFO HTTP 200
2026-09-27 13:58:24,191 INFO HTTP 200
2026-09-27 13:58:24,208 INFO HTTP 200
2026-09-27 13:58:24,220 INFO HTTP 200
2026-09-27 13:58:24,268 INFO HTTP 200
2026-09-27 13:58:24,268 INFO HTTP 200
2026-09-27 13:58:24,268 INFO HTTP 200
2026-09-27 13:58:24,268 INFO HTTP 200
2026-09-27 13:58:24,291 INFO HTTP 200
2026-09-27 13:58:25,801 INFO HTTP 200
2026-09-27 13:58:31,306 INFO HTTP 200
2026-09-27 13:58:31,567 INFO Serveur local arrêté
2026-09-27 13:58:54,559 INFO Serveur local démarré en mode réel sur le port 60110
2026-09-27 13:58:54,984 INFO HTTP 200
2026-09-27 13:59:41,460 INFO HTTP 200
2026-09-27 13:59:41,714 INFO Serveur local arrêté
2026-09-27 14:02:26,744 INFO Serveur local démarré en mode réel sur le port 64046
2026-09-27 14:02:27,179 INFO HTTP 200
2026-09-27 14:02:32,587 INFO HTTP 200
2026-09-27 14:02:32,597 INFO HTTP 200
2026-09-27 14:02:32,599 INFO HTTP 200
2026-09-27 14:02:32,599 INFO HTTP 200
2026-09-27 14:02:32,599 INFO HTTP 200
2026-09-27 14:02:32,599 INFO HTTP 200
2026-09-27 14:02:32,603 INFO HTTP 200
2026-09-27 14:02:32,603 INFO HTTP 200
2026-09-27 14:02:32,606 INFO HTTP 200
2026-09-27 14:02:32,608 INFO HTTP 200
2026-09-27 14:02:32,608 INFO HTTP 200
2026-09-27 14:02:32,611 INFO HTTP 200
2026-09-27 14:02:32,611 INFO HTTP 200
2026-09-27 14:02:32,626 INFO HTTP 200
2026-09-27 14:02:32,642 INFO HTTP 200
2026-09-27 14:02:32,688 INFO HTTP 200
2026-09-27 14:02:32,689 INFO HTTP 200
2026-09-27 14:02:32,690 INFO HTTP 200
2026-09-27 14:02:32,690 INFO HTTP 200
2026-09-27 14:02:32,710 INFO HTTP 200
2026-09-27 14:02:34,686 INFO HTTP 200
2026-09-27 14:02:37,997 INFO HTTP 200
2026-09-27 14:02:38,259 INFO Serveur local arrêté
2026-09-27 14:12:08,595 INFO Serveur local démarré en mode réel sur le port 58620
2026-09-27 14:12:08,680 INFO HTTP 200
2026-09-27 14:12:08,828 INFO HTTP 200
2026-09-27 14:12:08,861 INFO HTTP 200
2026-09-27 14:12:08,867 INFO HTTP 200
2026-09-27 14:12:08,930 INFO HTTP 200
2026-09-27 14:12:09,268 INFO HTTP 200
2026-09-27 14:12:09,524 INFO Serveur local arrêté
2026-09-27 14:12:19,872 INFO Serveur local démarré en mode réel sur le port 58666
2026-09-27 14:12:20,296 INFO HTTP 200
2026-09-27 14:13:11,431 INFO Synchro daily_consumption: 4 reçues (4 uniques), 0 ajoutées, 4 mises à jour, du 2026-09-22 au 2026-09-26
2026-09-27 14:13:12,174 INFO Synchro daily_production: 4 reçues (4 uniques), 0 ajoutées, 4 mises à jour, du 2026-09-22 au 2026-09-26
2026-09-27 14:13:12,934 INFO Bloc load_consumption: demande 2026-09-24 -> 2026-09-27 (end exclusif), 288 points, premier=2026-09-24T00:15:00+02:00, dernier=2026-09-27T00:00:00+02:00
2026-09-27 14:13:12,944 INFO Qualité load_consumption: 21 jours complets, incomplets=aucun, dernière mesure=2026-09-26T22:00:00Z, dernière journée complète=2026-09-26
2026-09-27 14:13:12,944 INFO Synchro load_consumption: 288 reçues (288 uniques), 96 ajoutées, 192 mises à jour, du 2026-09-24 au 2026-09-26
2026-09-27 14:13:13,721 INFO Bloc load_production: demande 2026-09-25 -> 2026-09-27 (end exclusif), 96 points, premier=2026-09-25T00:30:00+02:00, dernier=2026-09-27T00:00:00+02:00
2026-09-27 14:13:13,728 INFO Qualité load_production: 36 jours complets, incomplets=aucun, dernière mesure=2026-09-26T22:00:00Z, dernière journée complète=2026-09-26
2026-09-27 14:13:13,728 INFO Synchro load_production: 96 reçues (96 uniques), 0 ajoutées, 96 mises à jour, du 2026-09-25 au 2026-09-26
2026-09-27 14:13:14,419 INFO Synchro daily_max_power: 4 reçues (4 uniques), 0 ajoutées, 4 mises à jour, du 2026-09-22 au 2026-09-26
2026-09-27 14:13:14,449 INFO HTTP 200
2026-09-27 14:13:14,825 INFO HTTP 200
2026-09-27 14:13:17,953 INFO HTTP 200
2026-09-27 14:13:17,965 INFO HTTP 200
2026-09-27 14:13:17,968 INFO HTTP 200
2026-09-27 14:13:17,970 INFO HTTP 200
2026-09-27 14:13:17,970 INFO HTTP 200
2026-09-27 14:13:17,973 INFO HTTP 200
2026-09-27 14:13:17,982 INFO HTTP 200
2026-09-27 14:13:17,982 INFO HTTP 200
2026-09-27 14:13:17,989 INFO HTTP 200
2026-09-27 14:13:17,991 INFO HTTP 200
2026-09-27 14:13:17,997 INFO HTTP 200
2026-09-27 14:13:18,005 INFO HTTP 200
2026-09-27 14:13:18,006 INFO HTTP 200
2026-09-27 14:13:18,011 INFO HTTP 200
2026-09-27 14:13:18,019 INFO HTTP 200
2026-09-27 14:13:18,025 INFO HTTP 200
2026-09-27 14:13:18,042 INFO HTTP 200
2026-09-27 14:13:18,063 INFO HTTP 200
2026-09-27 14:13:18,069 INFO HTTP 200
2026-09-27 14:13:18,091 INFO HTTP 200
2026-09-27 14:13:19,851 INFO HTTP 200
2026-09-27 14:13:45,181 INFO HTTP 200
2026-09-27 14:13:45,438 INFO Serveur local arrêté
2026-09-27 14:16:03,919 INFO Serveur local démarré en mode réel sur le port 57598
2026-09-27 14:16:04,316 INFO HTTP 200
2026-09-27 14:16:13,452 INFO HTTP 200
2026-09-27 14:16:13,712 INFO Serveur local arrêté
2026-09-27 14:33:56,541 INFO Serveur local démarré en mode réel sur le port 49373
2026-09-27 14:33:56,592 INFO HTTP 200
2026-09-27 14:34:02,858 INFO HTTP 200
2026-09-27 14:34:02,875 INFO HTTP 200
2026-09-27 14:34:02,876 INFO HTTP 200
2026-09-27 14:34:02,876 INFO HTTP 200
2026-09-27 14:34:02,876 INFO HTTP 200
2026-09-27 14:34:02,879 INFO HTTP 200
2026-09-27 14:34:02,881 INFO HTTP 200
2026-09-27 14:34:02,891 INFO HTTP 200
2026-09-27 14:34:02,892 INFO HTTP 200
2026-09-27 14:34:02,900 INFO HTTP 200
2026-09-27 14:34:02,900 INFO HTTP 200
2026-09-27 14:34:02,903 INFO HTTP 200
2026-09-27 14:34:02,916 INFO HTTP 200
2026-09-27 14:34:02,918 INFO HTTP 200
2026-09-27 14:34:02,935 INFO HTTP 200
2026-09-27 14:34:02,962 INFO HTTP 200
2026-09-27 14:34:02,967 INFO HTTP 200
2026-09-27 14:34:02,972 INFO HTTP 200
2026-09-27 14:34:02,972 INFO HTTP 200
2026-09-27 14:34:02,992 INFO HTTP 200
2026-09-27 14:34:05,088 INFO HTTP 200
2026-09-27 14:36:18,225 INFO HTTP 200
2026-09-27 14:36:18,474 INFO Serveur local arrêté
2026-09-27 14:37:52,030 INFO Serveur local démarré en mode réel sur le port 49885
2026-09-27 14:37:52,453 INFO HTTP 200
2026-09-27 14:42:04,160 INFO Synchro daily_consumption: 4 reçues (4 uniques), 0 ajoutées, 4 mises à jour, du 2026-09-22 au 2026-09-26
2026-09-27 14:42:04,850 INFO Synchro daily_production: 4 reçues (4 uniques), 0 ajoutées, 4 mises à jour, du 2026-09-22 au 2026-09-26
2026-09-27 14:42:05,101 WARNING Synchro load_consumption interrompue: rate_limited
2026-09-27 14:42:05,927 INFO Bloc load_production: demande 2026-09-25 -> 2026-09-27 (end exclusif), 96 points, premier=2026-09-25T00:30:00+02:00, dernier=2026-09-27T00:00:00+02:00
2026-09-27 14:42:05,935 INFO Qualité load_production: 36 jours complets, incomplets=aucun, dernière mesure=2026-09-26T22:00:00Z, dernière journée complète=2026-09-26
2026-09-27 14:42:05,935 INFO Synchro load_production: 96 reçues (96 uniques), 0 ajoutées, 96 mises à jour, du 2026-09-25 au 2026-09-26
2026-09-27 14:42:06,598 INFO Synchro daily_max_power: 4 reçues (4 uniques), 0 ajoutées, 4 mises à jour, du 2026-09-22 au 2026-09-26
2026-09-27 14:42:06,628 INFO HTTP 200
2026-09-27 14:42:07,040 INFO HTTP 200
2026-09-27 14:42:24,771 INFO HTTP 200
2026-09-27 14:42:24,781 INFO HTTP 200
2026-09-27 14:42:24,782 INFO HTTP 200
2026-09-27 14:42:24,782 INFO HTTP 200
2026-09-27 14:42:24,782 INFO HTTP 200
2026-09-27 14:42:24,795 INFO HTTP 200
2026-09-27 14:42:24,795 INFO HTTP 200
2026-09-27 14:42:24,796 INFO HTTP 200
2026-09-27 14:42:24,798 INFO HTTP 200
2026-09-27 14:42:24,802 INFO HTTP 200
2026-09-27 14:42:24,802 INFO HTTP 200
2026-09-27 14:42:24,806 INFO HTTP 200
2026-09-27 14:42:24,810 INFO HTTP 200
2026-09-27 14:42:24,810 INFO HTTP 200
2026-09-27 14:42:24,812 INFO HTTP 200
2026-09-27 14:42:24,829 INFO HTTP 200
2026-09-27 14:42:24,840 INFO HTTP 200
2026-09-27 14:42:24,881 INFO HTTP 200
2026-09-27 14:42:24,884 INFO HTTP 200
2026-09-27 14:42:24,917 INFO HTTP 200
2026-09-27 14:42:26,898 INFO HTTP 200
2026-09-27 14:48:26,938 WARNING Synchro daily_consumption interrompue: api_error
2026-09-27 14:48:27,339 WARNING Synchro daily_production interrompue: api_error
2026-09-27 14:48:27,513 WARNING Synchro load_consumption interrompue: rate_limited
2026-09-27 14:48:27,937 WARNING Synchro load_production interrompue: api_error
2026-09-27 14:48:28,392 WARNING Synchro daily_max_power interrompue: api_error
2026-09-27 14:48:28,421 INFO HTTP 200
2026-09-27 14:53:29,921 INFO HTTP 200
2026-09-27 14:53:30,181 INFO Serveur local arrêté
2026-09-27 18:06:54,906 INFO Serveur local démarré en mode réel sur le port 60881
2026-09-27 18:06:55,278 INFO HTTP 200
2026-09-27 18:07:00,083 INFO HTTP 200
2026-09-27 18:07:00,097 INFO HTTP 200
2026-09-27 18:07:00,097 INFO HTTP 200
2026-09-27 18:07:00,097 INFO HTTP 200
2026-09-27 18:07:00,097 INFO HTTP 200
2026-09-27 18:07:00,097 INFO HTTP 200
2026-09-27 18:07:00,102 INFO HTTP 200
2026-09-27 18:07:00,106 INFO HTTP 200
2026-09-27 18:07:00,106 INFO HTTP 200
2026-09-27 18:07:00,109 INFO HTTP 200
2026-09-27 18:07:00,109 INFO HTTP 200
2026-09-27 18:07:00,113 INFO HTTP 200
2026-09-27 18:07:00,117 INFO HTTP 200
2026-09-27 18:07:00,137 INFO HTTP 200
2026-09-27 18:07:00,155 INFO HTTP 200
2026-09-27 18:07:00,174 INFO HTTP 200
2026-09-27 18:07:00,174 INFO HTTP 200
2026-09-27 18:07:00,174 INFO HTTP 200
2026-09-27 18:07:00,176 INFO HTTP 200
2026-09-27 18:07:00,200 INFO HTTP 200
2026-09-27 18:07:01,824 INFO HTTP 200
2026-09-27 18:11:51,089 INFO HTTP 200
2026-09-27 18:11:51,346 INFO Serveur local arrêté
2026-09-27 18:12:07,945 INFO Serveur local démarré en mode réel sur le port 61439
2026-09-27 18:12:08,368 INFO HTTP 200
2026-09-27 18:13:13,848 INFO HTTP 200
2026-09-27 18:13:13,857 INFO HTTP 200
2026-09-27 18:13:13,859 INFO HTTP 200
2026-09-27 18:13:13,859 INFO HTTP 200
2026-09-27 18:13:13,859 INFO HTTP 200
2026-09-27 18:13:13,863 INFO HTTP 200
2026-09-27 18:13:13,865 INFO HTTP 200
2026-09-27 18:13:13,866 INFO HTTP 200
2026-09-27 18:13:13,868 INFO HTTP 200
2026-09-27 18:13:13,869 INFO HTTP 200
2026-09-27 18:13:13,872 INFO HTTP 200
2026-09-27 18:13:13,874 INFO HTTP 200
2026-09-27 18:13:13,877 INFO HTTP 200
2026-09-27 18:13:13,877 INFO HTTP 200
2026-09-27 18:13:13,909 INFO HTTP 200
2026-09-27 18:13:13,912 INFO HTTP 200
2026-09-27 18:13:13,947 INFO HTTP 200
2026-09-27 18:13:13,950 INFO HTTP 200
2026-09-27 18:13:13,950 INFO HTTP 200
2026-09-27 18:13:13,970 INFO HTTP 200
2026-09-27 18:13:16,080 INFO HTTP 200
2026-09-27 18:13:26,170 INFO HTTP 200
2026-09-27 18:13:26,431 INFO Serveur local arrêté
2026-09-28 19:19:53,969 INFO Serveur local démarré en mode réel sur le port 50638
2026-09-28 19:19:54,460 INFO HTTP 200
2026-09-28 19:20:04,747 INFO Synchro daily_consumption: 5 reçues (5 uniques), 1 ajoutées, 4 mises à jour, du 2026-09-22 au 2026-09-27
2026-09-28 19:20:05,553 INFO Synchro daily_production: 5 reçues (5 uniques), 1 ajoutées, 4 mises à jour, du 2026-09-22 au 2026-09-27
2026-09-28 19:20:06,333 INFO Bloc load_consumption: demande 2026-09-25 -> 2026-09-28 (end exclusif), 288 points, premier=2026-09-25T00:15:00+02:00, dernier=2026-09-28T00:00:00+02:00
2026-09-28 19:20:06,342 INFO Qualité load_consumption: 22 jours complets, incomplets=aucun, dernière mesure=2026-09-27T22:00:00Z, dernière journée complète=2026-09-27
2026-09-28 19:20:06,342 INFO Synchro load_consumption: 288 reçues (288 uniques), 96 ajoutées, 192 mises à jour, du 2026-09-25 au 2026-09-27
2026-09-28 19:20:07,342 INFO Bloc load_production: demande 2026-09-25 -> 2026-09-28 (end exclusif), 144 points, premier=2026-09-25T00:30:00+02:00, dernier=2026-09-28T00:00:00+02:00
2026-09-28 19:20:07,352 INFO Qualité load_production: 37 jours complets, incomplets=aucun, dernière mesure=2026-09-27T22:00:00Z, dernière journée complète=2026-09-27
2026-09-28 19:20:07,352 INFO Synchro load_production: 144 reçues (144 uniques), 48 ajoutées, 96 mises à jour, du 2026-09-25 au 2026-09-27
2026-09-28 19:20:08,049 INFO Synchro daily_max_power: 5 reçues (5 uniques), 1 ajoutées, 4 mises à jour, du 2026-09-22 au 2026-09-27
2026-09-28 19:20:08,080 INFO HTTP 200
2026-09-28 19:20:08,791 INFO HTTP 200
2026-09-28 19:20:26,687 INFO HTTP 200
2026-09-28 19:20:26,774 INFO HTTP 200
2026-09-28 19:20:26,774 INFO HTTP 200
2026-09-28 19:20:26,774 INFO HTTP 200
2026-09-28 19:20:26,778 INFO HTTP 200
2026-09-28 19:20:26,851 INFO HTTP 200
2026-09-28 19:20:27,178 INFO HTTP 200
2026-09-28 19:20:27,327 INFO HTTP 200
2026-09-28 19:20:27,335 INFO HTTP 200
2026-09-28 19:20:27,336 INFO HTTP 200
2026-09-28 19:20:27,343 INFO HTTP 200
2026-09-28 19:20:27,348 INFO HTTP 200
2026-09-28 19:20:27,350 INFO HTTP 200
2026-09-28 19:20:27,357 INFO HTTP 200
2026-09-28 19:20:27,359 INFO HTTP 200
2026-09-28 19:20:27,377 INFO HTTP 200
2026-09-28 19:20:27,391 INFO HTTP 200
2026-09-28 19:20:27,422 INFO HTTP 200
2026-09-28 19:20:27,430 INFO HTTP 200
2026-09-28 19:20:27,443 INFO HTTP 200
2026-09-28 19:20:30,378 INFO HTTP 200
2026-09-28 19:21:44,002 INFO HTTP 200
2026-09-28 19:21:44,257 INFO Serveur local arrêté
2026-09-30 21:55:30,298 INFO Serveur local démarré en mode réel sur le port 55020
2026-09-30 21:55:30,766 INFO HTTP 200
2026-09-30 21:56:30,566 INFO HTTP 200
2026-09-30 21:56:30,818 INFO Serveur local arrêté
